>>> [22:56:11] Starting M=1 nbits=4 (GPU 0) -> /home/cpanourg/projects/2-hdvc/gpu_cpp_scripts/pq/logs/pq_M1_nbits4.log
>>> [22:56:11] Starting M=2 nbits=4 (GPU 1) -> /home/cpanourg/projects/2-hdvc/gpu_cpp_scripts/pq/logs/pq_M2_nbits4.log
>>> [22:56:11] Starting M=3 nbits=4 (GPU 0) -> /home/cpanourg/projects/2-hdvc/gpu_cpp_scripts/pq/logs/pq_M3_nbits4.log
Waiting for 12 jobs...
>>> [22:56:11] Starting M=4 nbits=4 (GPU 1) -> /home/cpanourg/projects/2-hdvc/gpu_cpp_scripts/pq/logs/pq_M4_nbits4.log
>>> [22:56:11] Starting M=6 nbits=4 (GPU 0) -> /home/cpanourg/projects/2-hdvc/gpu_cpp_scripts/pq/logs/pq_M6_nbits4.log
>>> [22:56:11] Starting M=8 nbits=4 (GPU 1) -> /home/cpanourg/projects/2-hdvc/gpu_cpp_scripts/pq/logs/pq_M8_nbits4.log
>>> [22:56:11] Starting M=12 nbits=4 (GPU 0) -> /home/cpanourg/projects/2-hdvc/gpu_cpp_scripts/pq/logs/pq_M12_nbits4.log
>>> [22:56:11] Starting M=16 nbits=4 (GPU 1) -> /home/cpanourg/projects/2-hdvc/gpu_cpp_scripts/pq/logs/pq_M16_nbits4.log
>>> [22:56:11] Starting M=24 nbits=4 (GPU 0) -> /home/cpanourg/projects/2-hdvc/gpu_cpp_scripts/pq/logs/pq_M24_nbits4.log
>>> [22:56:11] Starting M=32 nbits=4 (GPU 1) -> /home/cpanourg/projects/2-hdvc/gpu_cpp_scripts/pq/logs/pq_M32_nbits4.log
>>> [22:56:11] Starting M=48 nbits=4 (GPU 0) -> /home/cpanourg/projects/2-hdvc/gpu_cpp_scripts/pq/logs/pq_M48_nbits4.log
>>> [22:56:11] Starting M=96 nbits=4 (GPU 1) -> /home/cpanourg/projects/2-hdvc/gpu_cpp_scripts/pq/logs/pq_M96_nbits4.log
>>> [22:56:42] Done M=1 nbits=4 (exit 0)
>>> [22:56:55] Done M=2 nbits=4 (exit 0)
>>> [22:57:04] Done M=3 nbits=4 (exit 0)
>>> [22:57:18] Done M=4 nbits=4 (exit 0)
>>> [22:57:35] Done M=6 nbits=4 (exit 0)
>>> [22:57:45] Done M=8 nbits=4 (exit 0)
>>> [22:58:02] Done M=12 nbits=4 (exit 0)
>>> [22:58:31] Done M=16 nbits=4 (exit 0)
>>> [22:59:00] Done M=24 nbits=4 (exit 0)
>>> [22:59:20] Starting M=2 nbits=6 (GPU 1) -> /home/cpanourg/projects/2-hdvc/gpu_cpp_scripts/pq/logs/pq_M2_nbits6.log
Waiting for 12 jobs...
>>> [22:59:20] Starting M=8 nbits=6 (GPU 1) -> /home/cpanourg/projects/2-hdvc/gpu_cpp_scripts/pq/logs/pq_M8_nbits6.log
>>> [22:59:20] Starting M=12 nbits=6 (GPU 0) -> /home/cpanourg/projects/2-hdvc/gpu_cpp_scripts/pq/logs/pq_M12_nbits6.log
>>> [22:59:20] Starting M=16 nbits=6 (GPU 1) -> /home/cpanourg/projects/2-hdvc/gpu_cpp_scripts/pq/logs/pq_M16_nbits6.log
>>> [22:59:20] Starting M=4 nbits=6 (GPU 1) -> /home/cpanourg/projects/2-hdvc/gpu_cpp_scripts/pq/logs/pq_M4_nbits6.log
>>> [22:59:20] Starting M=24 nbits=6 (GPU 0) -> /home/cpanourg/projects/2-hdvc/gpu_cpp_scripts/pq/logs/pq_M24_nbits6.log
>>> [22:59:20] Starting M=32 nbits=6 (GPU 1) -> /home/cpanourg/projects/2-hdvc/gpu_cpp_scripts/pq/logs/pq_M32_nbits6.log
>>> [22:59:20] Starting M=48 nbits=6 (GPU 0) -> /home/cpanourg/projects/2-hdvc/gpu_cpp_scripts/pq/logs/pq_M48_nbits6.log
>>> [22:59:20] Starting M=96 nbits=6 (GPU 1) -> /home/cpanourg/projects/2-hdvc/gpu_cpp_scripts/pq/logs/pq_M96_nbits6.log
>>> [22:59:20] Starting M=6 nbits=6 (GPU 0) -> /home/cpanourg/projects/2-hdvc/gpu_cpp_scripts/pq/logs/pq_M6_nbits6.log
>>> [22:59:20] Starting M=1 nbits=6 (GPU 0) -> /home/cpanourg/projects/2-hdvc/gpu_cpp_scripts/pq/logs/pq_M1_nbits6.log
>>> [22:59:20] Starting M=3 nbits=6 (GPU 0) -> /home/cpanourg/projects/2-hdvc/gpu_cpp_scripts/pq/logs/pq_M3_nbits6.log
>>> [22:59:55] Done M=32 nbits=4 (exit 0)
>>> [23:00:03] Done M=1 nbits=6 (exit 0)
Waiting for 12 jobs...
>>> [23:00:06] Starting M=2 nbits=8 (GPU 1) -> /home/cpanourg/projects/2-hdvc/gpu_cpp_scripts/pq/logs/pq_M2_nbits8.log
>>> [23:00:06] Starting M=4 nbits=8 (GPU 1) -> /home/cpanourg/projects/2-hdvc/gpu_cpp_scripts/pq/logs/pq_M4_nbits8.log
>>> [23:00:06] Starting M=16 nbits=8 (GPU 1) -> /home/cpanourg/projects/2-hdvc/gpu_cpp_scripts/pq/logs/pq_M16_nbits8.log
>>> [23:00:06] Starting M=96 nbits=8 (GPU 1) -> /home/cpanourg/projects/2-hdvc/gpu_cpp_scripts/pq/logs/pq_M96_nbits8.log
>>> [23:00:06] Starting M=3 nbits=8 (GPU 0) -> /home/cpanourg/projects/2-hdvc/gpu_cpp_scripts/pq/logs/pq_M3_nbits8.log
>>> [23:00:06] Starting M=1 nbits=8 (GPU 0) -> /home/cpanourg/projects/2-hdvc/gpu_cpp_scripts/pq/logs/pq_M1_nbits8.log
>>> [23:00:06] Starting M=32 nbits=8 (GPU 1) -> /home/cpanourg/projects/2-hdvc/gpu_cpp_scripts/pq/logs/pq_M32_nbits8.log
>>> [23:00:06] Starting M=12 nbits=8 (GPU 0) -> /home/cpanourg/projects/2-hdvc/gpu_cpp_scripts/pq/logs/pq_M12_nbits8.log
>>> [23:00:06] Starting M=6 nbits=8 (GPU 0) -> /home/cpanourg/projects/2-hdvc/gpu_cpp_scripts/pq/logs/pq_M6_nbits8.log
>>> [23:00:06] Starting M=48 nbits=8 (GPU 0) -> /home/cpanourg/projects/2-hdvc/gpu_cpp_scripts/pq/logs/pq_M48_nbits8.log
>>> [23:00:06] Starting M=8 nbits=8 (GPU 1) -> /home/cpanourg/projects/2-hdvc/gpu_cpp_scripts/pq/logs/pq_M8_nbits8.log
>>> [23:00:06] Starting M=24 nbits=8 (GPU 0) -> /home/cpanourg/projects/2-hdvc/gpu_cpp_scripts/pq/logs/pq_M24_nbits8.log
>>> [23:00:17] Done M=2 nbits=6 (exit 0)
>>> [23:00:29] Done M=3 nbits=6 (exit 0)
>>> [23:00:56] Done M=4 nbits=6 (exit 0)
>>> [23:01:11] Done M=1 nbits=8 (exit 0)
Waiting for 12 jobs...
>>> [23:01:13] Starting M=2 nbits=10 (GPU 1) -> /home/cpanourg/projects/2-hdvc/gpu_cpp_scripts/pq/logs/pq_M2_nbits10.log
>>> [23:01:13] Starting M=4 nbits=10 (GPU 1) -> /home/cpanourg/projects/2-hdvc/gpu_cpp_scripts/pq/logs/pq_M4_nbits10.log
>>> [23:01:13] Starting M=3 nbits=10 (GPU 0) -> /home/cpanourg/projects/2-hdvc/gpu_cpp_scripts/pq/logs/pq_M3_nbits10.log
>>> [23:01:13] Starting M=48 nbits=10 (GPU 0) -> /home/cpanourg/projects/2-hdvc/gpu_cpp_scripts/pq/logs/pq_M48_nbits10.log
>>> [23:01:13] Starting M=6 nbits=10 (GPU 0) -> /home/cpanourg/projects/2-hdvc/gpu_cpp_scripts/pq/logs/pq_M6_nbits10.log
>>> [23:01:13] Starting M=24 nbits=10 (GPU 0) -> /home/cpanourg/projects/2-hdvc/gpu_cpp_scripts/pq/logs/pq_M24_nbits10.log
>>> [23:01:13] Starting M=1 nbits=10 (GPU 0) -> /home/cpanourg/projects/2-hdvc/gpu_cpp_scripts/pq/logs/pq_M1_nbits10.log
>>> [23:01:13] Starting M=8 nbits=10 (GPU 1) -> /home/cpanourg/projects/2-hdvc/gpu_cpp_scripts/pq/logs/pq_M8_nbits10.log
>>> [23:01:13] Starting M=32 nbits=10 (GPU 1) -> /home/cpanourg/projects/2-hdvc/gpu_cpp_scripts/pq/logs/pq_M32_nbits10.log
>>> [23:01:13] Starting M=12 nbits=10 (GPU 0) -> /home/cpanourg/projects/2-hdvc/gpu_cpp_scripts/pq/logs/pq_M12_nbits10.log
>>> [23:01:13] Starting M=16 nbits=10 (GPU 1) -> /home/cpanourg/projects/2-hdvc/gpu_cpp_scripts/pq/logs/pq_M16_nbits10.log
>>> [23:01:13] Starting M=96 nbits=10 (GPU 1) -> /home/cpanourg/projects/2-hdvc/gpu_cpp_scripts/pq/logs/pq_M96_nbits10.log
>>> [23:01:22] Done M=6 nbits=6 (exit 0)
>>> [23:01:42] Done M=8 nbits=6 (exit 0)
>>> [23:02:07] Done M=2 nbits=8 (exit 0)
>>> [23:02:12] Done M=4 nbits=8 (exit 0)
>>> [23:02:17] Done M=3 nbits=8 (exit 0)
>>> [23:02:30] Done M=1 nbits=10 (exit 0)
>>> [23:03:27] Done M=2 nbits=10 (exit 0)
>>> [23:03:35] Done M=6 nbits=8 (exit 0)
>>> [23:03:47] Done M=3 nbits=10 (exit 0)
>>> [23:03:51] Done M=12 nbits=6 (exit 0)
>>> [23:04:09] Done M=8 nbits=8 (exit 0)
>>> [23:04:27] Done M=4 nbits=10 (exit 0)
>>> [23:04:37] Done M=48 nbits=4 (exit 0)
>>> [23:04:56] Done M=16 nbits=6 (exit 0)
>>> [23:05:06] Done M=6 nbits=10 (exit 0)
>>> [23:05:27] Done M=12 nbits=8 (exit 0)
>>> [23:06:17] Done M=8 nbits=10 (exit 0)
>>> [23:06:34] Done M=16 nbits=8 (exit 0)
>>> [23:07:07] Done M=24 nbits=6 (exit 0)
>>> [23:07:15] Done M=12 nbits=10 (exit 0)
>>> [23:08:15] Done M=16 nbits=10 (exit 0)
>>> [23:08:17] Done M=24 nbits=8 (exit 0)
>>> [23:09:06] Done M=32 nbits=6 (exit 0)
>>> [23:09:36] Done M=24 nbits=10 (exit 0)
>>> [23:09:49] Done M=32 nbits=8 (exit 0)
>>> [23:10:53] Done M=32 nbits=10 (exit 0)
>>> [23:11:21] Done M=48 nbits=6 (exit 0)
>>> [23:11:54] Done M=48 nbits=8 (exit 0)
>>> [23:12:34] Done M=48 nbits=10 (exit 0)
>>> [23:13:03] Done M=96 nbits=4 (exit 0)
All done. Failed: 0
>>> [23:15:08] Done M=96 nbits=6 (exit 0)
All done. Failed: 0
>>> [23:15:17] Done M=96 nbits=8 (exit 0)
All done. Failed: 0
>>> [23:15:56] Done M=96 nbits=10 (exit 0)
All done. Failed: 0
>>> [23:17:50] Starting M=2 nbits=12 (GPU 1) -> /home/cpanourg/projects/2-hdvc/gpu_cpp_scripts/pq/logs/pq_M2_nbits12.log
>>> [23:17:50] Starting M=1 nbits=12 (GPU 0) -> /home/cpanourg/projects/2-hdvc/gpu_cpp_scripts/pq/logs/pq_M1_nbits12.log
>>> [23:17:50] Starting M=3 nbits=12 (GPU 0) -> /home/cpanourg/projects/2-hdvc/gpu_cpp_scripts/pq/logs/pq_M3_nbits12.log
Waiting for 12 jobs...
>>> [23:17:50] Starting M=4 nbits=12 (GPU 1) -> /home/cpanourg/projects/2-hdvc/gpu_cpp_scripts/pq/logs/pq_M4_nbits12.log
>>> [23:17:50] Starting M=6 nbits=12 (GPU 0) -> /home/cpanourg/projects/2-hdvc/gpu_cpp_scripts/pq/logs/pq_M6_nbits12.log
>>> [23:17:50] Starting M=8 nbits=12 (GPU 1) -> /home/cpanourg/projects/2-hdvc/gpu_cpp_scripts/pq/logs/pq_M8_nbits12.log
>>> [23:17:50] Starting M=12 nbits=12 (GPU 0) -> /home/cpanourg/projects/2-hdvc/gpu_cpp_scripts/pq/logs/pq_M12_nbits12.log
>>> [23:17:50] Starting M=16 nbits=12 (GPU 1) -> /home/cpanourg/projects/2-hdvc/gpu_cpp_scripts/pq/logs/pq_M16_nbits12.log
>>> [23:17:50] Starting M=24 nbits=12 (GPU 0) -> /home/cpanourg/projects/2-hdvc/gpu_cpp_scripts/pq/logs/pq_M24_nbits12.log
>>> [23:17:50] Starting M=32 nbits=12 (GPU 1) -> /home/cpanourg/projects/2-hdvc/gpu_cpp_scripts/pq/logs/pq_M32_nbits12.log
>>> [23:17:50] Starting M=48 nbits=12 (GPU 0) -> /home/cpanourg/projects/2-hdvc/gpu_cpp_scripts/pq/logs/pq_M48_nbits12.log
>>> [23:17:50] Starting M=96 nbits=12 (GPU 1) -> /home/cpanourg/projects/2-hdvc/gpu_cpp_scripts/pq/logs/pq_M96_nbits12.log
>>> [23:18:28] Done M=1 nbits=12 (exit 0)
>>> [23:18:58] Done M=2 nbits=12 (exit 0)
>>> [23:19:06] Done M=3 nbits=12 (exit 0)
>>> [23:19:21] Done M=4 nbits=12 (exit 0)
>>> [23:20:00] Done M=6 nbits=12 (exit 0)
>>> [23:22:31] Done M=8 nbits=12 (exit 0)
>>> [23:23:38] Done M=16 nbits=12 (exit 0)
>>> [23:23:42] Done M=12 nbits=12 (exit 0)
>>> [23:25:28] Done M=24 nbits=12 (exit 0)
>>> [23:25:36] Done M=32 nbits=12 (exit 0)
>>> [23:27:26] Done M=48 nbits=12 (exit 0)
>>> [23:31:05] Done M=96 nbits=12 (exit 0)
All done. Failed: 0
Waiting for 1 jobs...
>>> [23:48:17] Starting M=1 nbits=4 (GPU 0) -> /home/cpanourg/projects/2-hdvc/gpu_cpp_scripts/pq/logs/pq_M1_nbits4.log
>>> [23:48:17] Done M=1 nbits=4 (exit 127)
All done. Failed: 1
Using GPUs: 0 1 (2 device(s))
Fixed: nbits=6 train=1000000 sample_db=10000 sample_q=1000
M values: 1 2 4 8 16 32 64 128
Waiting for 8 jobs...
>>> [00:06:12] Starting M=1 nbits=6 (GPU 0) -> /home/cpanourg/projects/2-hdvc/gpu_cpp_scripts/pq/logs/pq_M1_nbits6.log
>>> [00:06:12] Starting M=2 nbits=6 (GPU 1) -> /home/cpanourg/projects/2-hdvc/gpu_cpp_scripts/pq/logs/pq_M2_nbits6.log
>>> [00:06:12] Starting M=4 nbits=6 (GPU 0) -> /home/cpanourg/projects/2-hdvc/gpu_cpp_scripts/pq/logs/pq_M4_nbits6.log
>>> [00:06:12] Starting M=8 nbits=6 (GPU 1) -> /home/cpanourg/projects/2-hdvc/gpu_cpp_scripts/pq/logs/pq_M8_nbits6.log
>>> [00:06:12] Starting M=16 nbits=6 (GPU 0) -> /home/cpanourg/projects/2-hdvc/gpu_cpp_scripts/pq/logs/pq_M16_nbits6.log
>>> [00:06:12] Starting M=32 nbits=6 (GPU 1) -> /home/cpanourg/projects/2-hdvc/gpu_cpp_scripts/pq/logs/pq_M32_nbits6.log
>>> [00:06:12] Starting M=64 nbits=6 (GPU 0) -> /home/cpanourg/projects/2-hdvc/gpu_cpp_scripts/pq/logs/pq_M64_nbits6.log
>>> [00:06:12] Starting M=128 nbits=6 (GPU 1) -> /home/cpanourg/projects/2-hdvc/gpu_cpp_scripts/pq/logs/pq_M128_nbits6.log
>>> [00:06:41] Done M=1 nbits=6 (exit 0)
>>> [00:06:51] Done M=2 nbits=6 (exit 0)
>>> [00:07:02] Done M=4 nbits=6 (exit 0)
>>> [00:07:28] Done M=8 nbits=6 (exit 0)
>>> [00:08:02] Done M=16 nbits=6 (exit 0)
>>> [00:09:05] Done M=32 nbits=6 (exit 0)
>>> [00:10:50] Done M=64 nbits=6 (exit 0)
>>> [00:11:50] Done M=128 nbits=6 (exit 0)
All done. Failed: 0
Using GPUs: 0 1 (2 device(s))
Fixed: nbits=8 train=1000000 sample_db=10000 sample_q=1000
M values: 1 2 4 8 16 32 64 128
Waiting for 8 jobs...
>>> [00:13:35] Starting M=1 nbits=8 (GPU 0) -> /home/cpanourg/projects/2-hdvc/gpu_cpp_scripts/pq/logs/pq_M1_nbits8.log
>>> [00:13:35] Starting M=2 nbits=8 (GPU 1) -> /home/cpanourg/projects/2-hdvc/gpu_cpp_scripts/pq/logs/pq_M2_nbits8.log
>>> [00:13:35] Starting M=64 nbits=8 (GPU 0) -> /home/cpanourg/projects/2-hdvc/gpu_cpp_scripts/pq/logs/pq_M64_nbits8.log
>>> [00:13:35] Starting M=16 nbits=8 (GPU 0) -> /home/cpanourg/projects/2-hdvc/gpu_cpp_scripts/pq/logs/pq_M16_nbits8.log
>>> [00:13:35] Starting M=4 nbits=8 (GPU 0) -> /home/cpanourg/projects/2-hdvc/gpu_cpp_scripts/pq/logs/pq_M4_nbits8.log
>>> [00:13:35] Starting M=8 nbits=8 (GPU 1) -> /home/cpanourg/projects/2-hdvc/gpu_cpp_scripts/pq/logs/pq_M8_nbits8.log
>>> [00:13:35] Starting M=32 nbits=8 (GPU 1) -> /home/cpanourg/projects/2-hdvc/gpu_cpp_scripts/pq/logs/pq_M32_nbits8.log
>>> [00:13:35] Starting M=128 nbits=8 (GPU 1) -> /home/cpanourg/projects/2-hdvc/gpu_cpp_scripts/pq/logs/pq_M128_nbits8.log
Using GPUs: 0 1 (2 device(s))
Fixed: nbits=10 train=1000000 sample_db=10000 sample_q=1000
M values: 1 2 4 8 16 32 64 128
Waiting for 8 jobs...
>>> [00:13:42] Starting M=1 nbits=10 (GPU 0) -> /home/cpanourg/projects/2-hdvc/gpu_cpp_scripts/pq/logs/pq_M1_nbits10.log
>>> [00:13:42] Starting M=4 nbits=10 (GPU 0) -> /home/cpanourg/projects/2-hdvc/gpu_cpp_scripts/pq/logs/pq_M4_nbits10.log
>>> [00:13:42] Starting M=128 nbits=10 (GPU 1) -> /home/cpanourg/projects/2-hdvc/gpu_cpp_scripts/pq/logs/pq_M128_nbits10.log
>>> [00:13:42] Starting M=16 nbits=10 (GPU 0) -> /home/cpanourg/projects/2-hdvc/gpu_cpp_scripts/pq/logs/pq_M16_nbits10.log
>>> [00:13:42] Starting M=8 nbits=10 (GPU 1) -> /home/cpanourg/projects/2-hdvc/gpu_cpp_scripts/pq/logs/pq_M8_nbits10.log
>>> [00:13:42] Starting M=2 nbits=10 (GPU 1) -> /home/cpanourg/projects/2-hdvc/gpu_cpp_scripts/pq/logs/pq_M2_nbits10.log
>>> [00:13:42] Starting M=64 nbits=10 (GPU 0) -> /home/cpanourg/projects/2-hdvc/gpu_cpp_scripts/pq/logs/pq_M64_nbits10.log
>>> [00:13:42] Starting M=32 nbits=10 (GPU 1) -> /home/cpanourg/projects/2-hdvc/gpu_cpp_scripts/pq/logs/pq_M32_nbits10.log
Using GPUs: 0 1 (2 device(s))
Fixed: nbits=12 train=1000000 sample_db=10000 sample_q=1000
M values: 1 2 4 8 16 32 64 128
Waiting for 8 jobs...
>>> [00:13:47] Starting M=2 nbits=12 (GPU 1) -> /home/cpanourg/projects/2-hdvc/gpu_cpp_scripts/pq/logs/pq_M2_nbits12.log
>>> [00:13:47] Starting M=1 nbits=12 (GPU 0) -> /home/cpanourg/projects/2-hdvc/gpu_cpp_scripts/pq/logs/pq_M1_nbits12.log
>>> [00:13:47] Starting M=128 nbits=12 (GPU 1) -> /home/cpanourg/projects/2-hdvc/gpu_cpp_scripts/pq/logs/pq_M128_nbits12.log
>>> [00:13:47] Starting M=16 nbits=12 (GPU 0) -> /home/cpanourg/projects/2-hdvc/gpu_cpp_scripts/pq/logs/pq_M16_nbits12.log
>>> [00:13:47] Starting M=64 nbits=12 (GPU 0) -> /home/cpanourg/projects/2-hdvc/gpu_cpp_scripts/pq/logs/pq_M64_nbits12.log
>>> [00:13:47] Starting M=4 nbits=12 (GPU 0) -> /home/cpanourg/projects/2-hdvc/gpu_cpp_scripts/pq/logs/pq_M4_nbits12.log
>>> [00:13:47] Starting M=32 nbits=12 (GPU 1) -> /home/cpanourg/projects/2-hdvc/gpu_cpp_scripts/pq/logs/pq_M32_nbits12.log
>>> [00:13:47] Starting M=8 nbits=12 (GPU 1) -> /home/cpanourg/projects/2-hdvc/gpu_cpp_scripts/pq/logs/pq_M8_nbits12.log
>>> [00:14:07] Done M=1 nbits=8 (exit 0)
>>> [00:14:40] Done M=1 nbits=10 (exit 0)
>>> [00:14:40] Done M=2 nbits=8 (exit 0)
>>> [00:15:16] Done M=1 nbits=12 (exit 0)
>>> [00:15:20] Done M=4 nbits=8 (exit 0)
>>> [00:15:29] Done M=2 nbits=10 (exit 0)
>>> [00:16:02] Done M=4 nbits=10 (exit 0)
>>> [00:16:03] Done M=2 nbits=12 (exit 0)
>>> [00:16:10] Done M=8 nbits=8 (exit 0)
>>> [00:16:36] Done M=4 nbits=12 (exit 0)
>>> [00:17:09] Done M=8 nbits=10 (exit 0)
>>> [00:17:37] Done M=16 nbits=8 (exit 0)
>>> [00:18:13] Done M=8 nbits=12 (exit 0)
>>> [00:19:03] Done M=16 nbits=10 (exit 0)
>>> [00:20:49] Done M=32 nbits=8 (exit 0)
>>> [00:21:20] Done M=16 nbits=12 (exit 0)
>>> [00:22:15] Done M=32 nbits=10 (exit 0)
>>> [00:24:15] Done M=32 nbits=12 (exit 0)
