
CondaError: Run 'conda init' before 'conda activate'


--------------------------------------------
Running PQ | subq=8, nbits=14, train=99000000
--------------------------------------------
Traceback (most recent call last):
  File "/home/cpanourg/projects/2-hdvc/scripts/rel_error_exps/PQ.py", line 9, in <module>
    import faiss
ModuleNotFoundError: No module named 'faiss'
✅ Completed PQ (8x14, train=99000000)

--------------------------------------------
Running PQ | subq=8, nbits=16, train=99000000
--------------------------------------------
Traceback (most recent call last):
  File "/home/cpanourg/projects/2-hdvc/scripts/rel_error_exps/PQ.py", line 9, in <module>
    import faiss
ModuleNotFoundError: No module named 'faiss'
✅ Completed PQ (8x16, train=99000000)

--------------------------------------------
Running PQ | subq=8, nbits=18, train=99000000
--------------------------------------------
Traceback (most recent call last):
  File "/home/cpanourg/projects/2-hdvc/scripts/rel_error_exps/PQ.py", line 9, in <module>
    import faiss
ModuleNotFoundError: No module named 'faiss'
✅ Completed PQ (8x18, train=99000000)

--------------------------------------------
Running PQ | subq=8, nbits=20, train=99000000
--------------------------------------------
Traceback (most recent call last):
  File "/home/cpanourg/projects/2-hdvc/scripts/rel_error_exps/PQ.py", line 9, in <module>
    import faiss
ModuleNotFoundError: No module named 'faiss'
✅ Completed PQ (8x20, train=99000000)
============================================
All 1 method experiments completed!
Results at: /data/cpanourg/2-hdvc//data/cpanourg/2-hdvc/results/relerr/deep_adc_vs_exact_eval.csv
============================================

CondaError: Run 'conda init' before 'conda activate'


--------------------------------------------
Running PQ | subq=8, nbits=14, train=99000000
--------------------------------------------
