📂 Loading database from /data/cpanourg/2-hdvc/data/deep1b/dataset/fvecs/test_1m.fvecs
Loaded database: 1000000 vectors
📂 Loading training data from /data/cpanourg/2-hdvc/data/deep1b/dataset/fvecs/learn_100m.fvecs
Loaded training data: 1010000 vectors
📂 Loading queries from /data/cpanourg/2-hdvc/data/deep1b/dataset/fvecs/query_10k.fvecs
Loaded queries: 1000 vectors
Training on 1000000 samples, testing on 1000000 samples, queries: 1000, dim=96
Training PQ with 6x6 => 36 bits/vector (GPU)
✅ PQ trained in 95.5754s
✅ PQ model saved to /data/cpanourg/2-hdvc/results/relerr_cpp/pq/deep/subq6_nbits6_train1000000_20260208_230058/pq_model.index
Encoding database...
✅ Encoding done in 12.5148s | Codes shape: 1000000 x 5
Computing distance tables...
✅ Distance tables computed in 1.55588s
Computing ADC distances...
✅ ADC distances computed in 0.878811s
Computing exact distances...
✅ Exact distances computed in 4.15571s
Mean rel. error: 0.25821, std: 0.0809648
✅ Results saved to "/data/cpanourg/2-hdvc/results/relerr_cpp/pq/deep/subq6_nbits6_train1000000_20260208_230117"
