📂 Loading database from /data/cpanourg/2-hdvc/data/deep1b/dataset/fvecs/test_1m.fvecs
Loaded database: 1000000 vectors
📂 Loading training data from /data/cpanourg/2-hdvc/data/deep1b/dataset/fvecs/learn_100m.fvecs
Loaded training data: 1010000 vectors
📂 Loading queries from /data/cpanourg/2-hdvc/data/deep1b/dataset/fvecs/query_10k.fvecs
Loaded queries: 1000 vectors
Training on 1000000 samples, testing on 1000000 samples, queries: 1000, dim=96
Training PQ with 6x10 => 60 bits/vector (GPU)
✅ PQ trained in 173.708s
✅ PQ model saved to /data/cpanourg/2-hdvc/results/relerr_cpp/pq/deep/subq6_nbits10_train1000000_20260208_230414/pq_model.index
Encoding database...
✅ Encoding done in 34.5426s | Codes shape: 1000000 x 8
Computing distance tables...
✅ Distance tables computed in 4.70525s
Computing ADC distances...
✅ ADC distances computed in 1.57783s
Computing exact distances...
✅ Exact distances computed in 3.94429s
Mean rel. error: 0.17467, std: 0.0731782
✅ Results saved to "/data/cpanourg/2-hdvc/results/relerr_cpp/pq/deep/subq6_nbits10_train1000000_20260208_230500"
