📂 Loading database from /data/cpanourg/2-hdvc/data/deep1b/dataset/fvecs/test_1m.fvecs
Loaded database: 1000000 vectors
📂 Loading training data from /data/cpanourg/2-hdvc/data/deep1b/dataset/fvecs/learn_100m.fvecs
Loaded training data: 1010000 vectors
📂 Loading queries from /data/cpanourg/2-hdvc/data/deep1b/dataset/fvecs/query_10k.fvecs
Loaded queries: 1000 vectors
Training on 1000000 samples, testing on 1000000 samples, queries: 1000, dim=96
Training PQ with 2x10 => 20 bits/vector (GPU)
✅ PQ trained in 91.3893s
✅ PQ model saved to /data/cpanourg/2-hdvc/results/relerr_cpp/pq/deep/subq2_nbits10_train1000000_20260208_230250/pq_model.index
Encoding database...
✅ Encoding done in 18.0864s | Codes shape: 1000000 x 3
Computing distance tables...
✅ Distance tables computed in 2.51388s
Computing ADC distances...
✅ ADC distances computed in 1.10315s
Computing exact distances...
✅ Exact distances computed in 4.50082s
Mean rel. error: 0.233946, std: 0.0910938
✅ Results saved to "/data/cpanourg/2-hdvc/results/relerr_cpp/pq/deep/subq2_nbits10_train1000000_20260208_230318"
📂 Loading database from /data/cpanourg/2-hdvc/data/bigann/SIFT1M/bigann_base.bvecs
Loaded database: 1000000 vectors
📂 Loading training data from /data/cpanourg/2-hdvc/data/bigann/SIFT1M/bigann_learn.bvecs
Loaded training data: 1010000 vectors
📂 Loading queries from /data/cpanourg/2-hdvc/data/bigann/SIFT1M/bigann_query.bvecs
Loaded queries: 1000 vectors
Training on 1000000 samples, testing on 1000000 samples, queries: 1000, dim=128
Training PQ with 2x10 => 20 bits/vector (GPU)
✅ PQ trained in 71.5244s
✅ PQ model saved to /data/cpanourg/2-hdvc/results/relerr_cpp/pq/bigann/subq2_nbits10_train1000000_20260209_001458/pq_model.index
Encoding database...
✅ Encoding done in 14.3537s | Codes shape: 1000000 x 3
Computing distance tables...
✅ Distance tables computed in 1.55451s
Computing ADC distances...
✅ ADC distances computed in 0.56231s
Computing exact distances...
✅ Exact distances computed in 7.06656s
Mean rel. error: 0.181591, std: 0.0883599
✅ Results saved to "/data/cpanourg/2-hdvc/results/relerr_cpp/pq/bigann/subq2_nbits10_train1000000_20260209_001523"
📂 Loading database from /data/cpanourg/2-hdvc/data/msmarco/base1m.fvecs
Loaded database: 1000000 vectors
📂 Loading training data from /data/cpanourg/2-hdvc/data/msmarco/train1m.fvecs
Loaded training data: 1000000 vectors
📂 Loading queries from /data/cpanourg/2-hdvc/data/msmarco/query10k.fvecs
Loaded queries: 1000 vectors
Training on 1000000 samples, testing on 1000000 samples, queries: 1000, dim=1024
Training PQ with 2x10 => 20 bits/vector (GPU)
✅ PQ trained in 156.428s
✅ PQ model saved to /data/cpanourg/2-hdvc/results/relerr_cpp/pq/msmarco/subq2_nbits10_train1000000_20260209_162320/pq_model.index
Encoding database...
✅ Encoding done in 28.0041s | Codes shape: 1000000 x 3
Computing distance tables...
✅ Distance tables computed in 1.69169s
Computing ADC distances...
✅ ADC distances computed in 0.716018s
Computing exact distances...
✅ Exact distances computed in 46.1783s
Mean rel. error: 0.372454, std: 0.0503301
✅ Results saved to "/data/cpanourg/2-hdvc/results/relerr_cpp/pq/msmarco/subq2_nbits10_train1000000_20260209_162439"
