📂 Loading database from /data/cpanourg/2-hdvc/data/deep1b/dataset/fvecs/test_1m.fvecs
Loaded database: 1000000 vectors
📂 Loading training data from /data/cpanourg/2-hdvc/data/deep1b/dataset/fvecs/learn_100m.fvecs
Loaded training data: 1010000 vectors
📂 Loading queries from /data/cpanourg/2-hdvc/data/deep1b/dataset/fvecs/query_10k.fvecs
Loaded queries: 1000 vectors
Training on 1000000 samples, testing on 1000000 samples, queries: 1000, dim=96
Training PQ with 3x12 => 36 bits/vector (GPU)
✅ PQ trained in 50.8396s
✅ PQ model saved to /data/cpanourg/2-hdvc/results/relerr_cpp/pq/deep/subq3_nbits12_train1000000_20260208_224254/pq_model.index
Encoding database...
✅ Encoding done in 26.3784s | Codes shape: 1000000 x 5
Computing distance tables...
✅ Distance tables computed in 0.930147s
Computing ADC distances...
✅ ADC distances computed in 0.44964s
Computing exact distances...
✅ Exact distances computed in 1.59112s
Mean rel. error: 0.189152, std: 0.0814574
✅ Results saved to "/data/cpanourg/2-hdvc/results/relerr_cpp/pq/deep/subq3_nbits12_train1000000_20260208_224324"
📂 Loading database from /data/cpanourg/2-hdvc/data/deep1b/dataset/fvecs/test_1m.fvecs
Loaded database: 1000000 vectors
📂 Loading training data from /data/cpanourg/2-hdvc/data/deep1b/dataset/fvecs/learn_100m.fvecs
Loaded training data: 1010000 vectors
📂 Loading queries from /data/cpanourg/2-hdvc/data/deep1b/dataset/fvecs/query_10k.fvecs
Loaded queries: 1000 vectors
Training on 1000000 samples, testing on 1000000 samples, queries: 1000, dim=96
Training PQ with 3x12 => 36 bits/vector (GPU)
✅ PQ trained in 107.97s
✅ PQ model saved to /data/cpanourg/2-hdvc/results/relerr_cpp/pq/deep/subq3_nbits12_train1000000_20260208_224533/pq_model.index
Encoding database...
✅ Encoding done in 68.5318s | Codes shape: 1000000 x 5
Computing distance tables...
✅ Distance tables computed in 2.07669s
Computing ADC distances...
✅ ADC distances computed in 2.15136s
Computing exact distances...
✅ Exact distances computed in 4.65583s
Mean rel. error: 0.189152, std: 0.0814574
✅ Results saved to "/data/cpanourg/2-hdvc/results/relerr_cpp/pq/deep/subq3_nbits12_train1000000_20260208_224653"
📂 Loading database from /data/cpanourg/2-hdvc/data/deep1b/dataset/fvecs/test_1m.fvecs
Loaded database: 1000000 vectors
📂 Loading training data from /data/cpanourg/2-hdvc/data/deep1b/dataset/fvecs/learn_100m.fvecs
Loaded training data: 1010000 vectors
📂 Loading queries from /data/cpanourg/2-hdvc/data/deep1b/dataset/fvecs/query_10k.fvecs
Loaded queries: 1000 vectors
Training on 1000000 samples, testing on 1000000 samples, queries: 1000, dim=96
Training PQ with 3x12 => 36 bits/vector (GPU)
✅ PQ trained in 38.9047s
✅ PQ model saved to /data/cpanourg/2-hdvc/results/relerr_cpp/pq/deep/subq3_nbits12_train1000000_20260208_231831/pq_model.index
Encoding database...
✅ Encoding done in 26.7192s | Codes shape: 1000000 x 5
Computing distance tables...
✅ Distance tables computed in 1.21407s
Computing ADC distances...
✅ ADC distances computed in 0.522745s
Computing exact distances...
✅ Exact distances computed in 2.92128s
Mean rel. error: 0.189152, std: 0.0814574
✅ Results saved to "/data/cpanourg/2-hdvc/results/relerr_cpp/pq/deep/subq3_nbits12_train1000000_20260208_231903"
