📂 Loading database from /data/cpanourg/2-hdvc/data/deep1b/dataset/fvecs/test_1m.fvecs
Loaded database: 1000000 vectors
📂 Loading training data from /data/cpanourg/2-hdvc/data/deep1b/dataset/fvecs/learn_100m.fvecs
Loaded training data: 1010000 vectors
📂 Loading queries from /data/cpanourg/2-hdvc/data/deep1b/dataset/fvecs/query_10k.fvecs
Loaded queries: 1000 vectors
Training on 1000000 samples, testing on 1000000 samples, queries: 1000, dim=96
Training PQ with 48x10 => 480 bits/vector (GPU)
✅ PQ trained in 626.977s
✅ PQ model saved to /data/cpanourg/2-hdvc/results/relerr_cpp/pq/deep/subq48_nbits10_train1000000_20260208_231146/pq_model.index
Encoding database...
✅ Encoding done in 39.7764s | Codes shape: 1000000 x 60
Computing distance tables...
✅ Distance tables computed in 0.293833s
Computing ADC distances...
✅ ADC distances computed in 4.57418s
Computing exact distances...
✅ Exact distances computed in 1.22408s
Mean rel. error: 0.00757765, std: 0.00620477
✅ Results saved to "/data/cpanourg/2-hdvc/results/relerr_cpp/pq/deep/subq48_nbits10_train1000000_20260208_231232"
