📂 Loading database from /data/cpanourg/2-hdvc/data/deep1b/dataset/fvecs/test_1m.fvecs
Loaded database: 1000000 vectors
📂 Loading training data from /data/cpanourg/2-hdvc/data/deep1b/dataset/fvecs/learn_100m.fvecs
Loaded training data: 1010000 vectors
📂 Loading queries from /data/cpanourg/2-hdvc/data/deep1b/dataset/fvecs/query_10k.fvecs
Loaded queries: 1000 vectors
Training on 1000000 samples, testing on 1000000 samples, queries: 1000, dim=96
Training PQ with 4x8 => 32 bits/vector (GPU)
✅ PQ trained in 80.296s
✅ PQ model saved to /data/cpanourg/2-hdvc/results/relerr_cpp/pq/deep/subq4_nbits8_train1000000_20260208_230131/pq_model.index
Encoding database...
✅ Encoding done in 20.9762s | Codes shape: 1000000 x 4
Computing distance tables...
✅ Distance tables computed in 2.21177s
Computing ADC distances...
✅ ADC distances computed in 0.669241s
Computing exact distances...
✅ Exact distances computed in 5.60637s
Mean rel. error: 0.239578, std: 0.0839511
✅ Results saved to "/data/cpanourg/2-hdvc/results/relerr_cpp/pq/deep/subq4_nbits8_train1000000_20260208_230203"
