📂 Loading database from /data/cpanourg/2-hdvc/data/deep1b/dataset/fvecs/test_1m.fvecs
Loaded database: 1000000 vectors
📂 Loading training data from /data/cpanourg/2-hdvc/data/deep1b/dataset/fvecs/learn_100m.fvecs
Loaded training data: 1010000 vectors
📂 Loading queries from /data/cpanourg/2-hdvc/data/deep1b/dataset/fvecs/query_10k.fvecs
Loaded queries: 1000 vectors
Training on 1000000 samples, testing on 1000000 samples, queries: 1000, dim=96
Training PQ with 96x10 => 960 bits/vector (GPU)
✅ PQ trained in 836.92s
✅ PQ model saved to /data/cpanourg/2-hdvc/results/relerr_cpp/pq/deep/subq96_nbits10_train1000000_20260208_231517/pq_model.index
Encoding database...
✅ Encoding done in 33.0706s | Codes shape: 1000000 x 120
Computing distance tables...
✅ Distance tables computed in 0.267077s
Computing ADC distances...
✅ ADC distances computed in 3.85349s
Computing exact distances...
✅ Exact distances computed in 0.782677s
Mean rel. error: 0.00129085, std: 0.00181257
✅ Results saved to "/data/cpanourg/2-hdvc/results/relerr_cpp/pq/deep/subq96_nbits10_train1000000_20260208_231555"
