📂 Loading database from /data/cpanourg/2-hdvc/data/deep1b/dataset/fvecs/test_1m.fvecs
Loaded database: 1000000 vectors
📂 Loading training data from /data/cpanourg/2-hdvc/data/deep1b/dataset/fvecs/learn_100m.fvecs
Loaded training data: 1010000 vectors
📂 Loading queries from /data/cpanourg/2-hdvc/data/deep1b/dataset/fvecs/query_10k.fvecs
Loaded queries: 1000 vectors
Training on 1000000 samples, testing on 1000000 samples, queries: 1000, dim=96
Training PQ with 32x8 => 256 bits/vector (GPU)
✅ PQ trained in 554.289s
✅ PQ model saved to /data/cpanourg/2-hdvc/results/relerr_cpp/pq/deep/subq32_nbits8_train1000000_20260208_230926/pq_model.index
Encoding database...
✅ Encoding done in 14.4696s | Codes shape: 1000000 x 32
Computing distance tables...
✅ Distance tables computed in 0.0999517s
Computing ADC distances...
✅ ADC distances computed in 1.31427s
Computing exact distances...
✅ Exact distances computed in 2.63245s
Mean rel. error: 0.0303944, std: 0.0227222
✅ Results saved to "/data/cpanourg/2-hdvc/results/relerr_cpp/pq/deep/subq32_nbits8_train1000000_20260208_230945"
