📂 Loading database from /data/cpanourg/2-hdvc/data/deep1b/dataset/fvecs/test_1m.fvecs
Loaded database: 1000000 vectors
📂 Loading training data from /data/cpanourg/2-hdvc/data/deep1b/dataset/fvecs/learn_100m.fvecs
Loaded training data: 1010000 vectors
📂 Loading queries from /data/cpanourg/2-hdvc/data/deep1b/dataset/fvecs/query_10k.fvecs
Loaded queries: 1000 vectors
Training on 1000000 samples, testing on 1000000 samples, queries: 1000, dim=96
Training PQ with 12x4 => 48 bits/vector (GPU)
✅ PQ trained in 102.112s
✅ PQ model saved to /data/cpanourg/2-hdvc/results/relerr_cpp/pq/deep/subq12_nbits4_train1000000_20260208_225755/pq_model.index
Encoding database...
✅ Encoding done in 1.88891s | Codes shape: 1000000 x 6
Computing distance tables...
✅ Distance tables computed in 0.0317712s
Computing ADC distances...
✅ ADC distances computed in 0.784858s
Computing exact distances...
✅ Exact distances computed in 1.30851s
Mean rel. error: 0.257351, std: 0.0787739
✅ Results saved to "/data/cpanourg/2-hdvc/results/relerr_cpp/pq/deep/subq12_nbits4_train1000000_20260208_225759"
📂 Loading database from /data/cpanourg/2-hdvc/data/gist/gist_base.fvecs
Loaded database: 1000000 vectors
📂 Loading training data from /data/cpanourg/2-hdvc/data/gist/gist_learn.fvecs
Loaded training data: 500000 vectors
📂 Loading queries from /data/cpanourg/2-hdvc/data/gist/gist_query.fvecs
Loaded queries: 1000 vectors
Training on 500000 samples, testing on 1000000 samples, queries: 1000, dim=960
Training PQ with 12x4 => 48 bits/vector (GPU)
✅ PQ trained in 157.525s
✅ PQ model saved to /data/cpanourg/2-hdvc/results/relerr_cpp/pq/gist/subq12_nbits4_train500000_20260209_005642/pq_model.index
Encoding database...
✅ Encoding done in 27.2654s | Codes shape: 1000000 x 6
Computing distance tables...
✅ Distance tables computed in 2.07994s
Computing ADC distances...
✅ ADC distances computed in 1.48105s
Computing exact distances...
✅ Exact distances computed in 30.7271s
Mean rel. error: 0.296187, std: 0.132608
✅ Results saved to "/data/cpanourg/2-hdvc/results/relerr_cpp/pq/gist/subq12_nbits4_train500000_20260209_005746"
