📂 Loading database from /data/cpanourg/2-hdvc/data/deep1b/dataset/fvecs/test_1m.fvecs
Loaded database: 1000000 vectors
📂 Loading training data from /data/cpanourg/2-hdvc/data/deep1b/dataset/fvecs/learn_100m.fvecs
Loaded training data: 1010000 vectors
📂 Loading queries from /data/cpanourg/2-hdvc/data/deep1b/dataset/fvecs/query_10k.fvecs
Loaded queries: 1000 vectors
Training on 1000000 samples, testing on 1000000 samples, queries: 1000, dim=96
Training PQ with 96x8 => 768 bits/vector (GPU)
✅ PQ trained in 890.923s
✅ PQ model saved to /data/cpanourg/2-hdvc/results/relerr_cpp/pq/deep/subq96_nbits8_train1000000_20260208_231503/pq_model.index
Encoding database...
✅ Encoding done in 10.9349s | Codes shape: 1000000 x 96
Computing distance tables...
✅ Distance tables computed in 0.0988253s
Computing ADC distances...
✅ ADC distances computed in 1.31414s
Computing exact distances...
✅ Exact distances computed in 0.863511s
Mean rel. error: 0.00322438, std: 0.00335251
✅ Results saved to "/data/cpanourg/2-hdvc/results/relerr_cpp/pq/deep/subq96_nbits8_train1000000_20260208_231516"
