📂 Loading database from /data/cpanourg/2-hdvc/data/deep1b/dataset/fvecs/test_1m.fvecs
Loaded database: 1000000 vectors
📂 Loading training data from /data/cpanourg/2-hdvc/data/deep1b/dataset/fvecs/learn_100m.fvecs
Loaded training data: 1010000 vectors
📂 Loading queries from /data/cpanourg/2-hdvc/data/deep1b/dataset/fvecs/query_10k.fvecs
Loaded queries: 1000 vectors
Training on 1000000 samples, testing on 1000000 samples, queries: 1000, dim=96
Training PQ with 24x6 => 144 bits/vector (GPU)
✅ PQ trained in 436.199s
✅ PQ model saved to /data/cpanourg/2-hdvc/results/relerr_cpp/pq/deep/subq24_nbits6_train1000000_20260208_230639/pq_model.index
Encoding database...
✅ Encoding done in 9.69228s | Codes shape: 1000000 x 18
Computing distance tables...
✅ Distance tables computed in 0.145124s
Computing ADC distances...
✅ ADC distances computed in 5.68238s
Computing exact distances...
✅ Exact distances computed in 5.13464s
Mean rel. error: 0.0871638, std: 0.051311
✅ Results saved to "/data/cpanourg/2-hdvc/results/relerr_cpp/pq/deep/subq24_nbits6_train1000000_20260208_230701"
