📂 Loading database from /data/cpanourg/2-hdvc/data/deep1b/dataset/fvecs/test_1m.fvecs
Loaded database: 1000000 vectors
📂 Loading training data from /data/cpanourg/2-hdvc/data/deep1b/dataset/fvecs/learn_100m.fvecs
Loaded training data: 1010000 vectors
📂 Loading queries from /data/cpanourg/2-hdvc/data/deep1b/dataset/fvecs/query_10k.fvecs
Loaded queries: 1000 vectors
Training on 1000000 samples, testing on 1000000 samples, queries: 1000, dim=96
Training PQ with 96x4 => 384 bits/vector (GPU)
✅ PQ trained in 1001.24s
✅ PQ model saved to /data/cpanourg/2-hdvc/results/relerr_cpp/pq/deep/subq96_nbits4_train1000000_20260208_231253/pq_model.index
Encoding database...
✅ Encoding done in 2.29174s | Codes shape: 1000000 x 48
Computing distance tables...
✅ Distance tables computed in 0.023458s
Computing ADC distances...
✅ ADC distances computed in 3.95455s
Computing exact distances...
✅ Exact distances computed in 1.17478s
Mean rel. error: 0.0182391, std: 0.0146368
✅ Results saved to "/data/cpanourg/2-hdvc/results/relerr_cpp/pq/deep/subq96_nbits4_train1000000_20260208_231301"
