📂 Loading database from /data/cpanourg/2-hdvc/data/deep1b/dataset/fvecs/test_1m.fvecs
Loaded database: 1000000 vectors
📂 Loading training data from /data/cpanourg/2-hdvc/data/deep1b/dataset/fvecs/learn_100m.fvecs
Loaded training data: 1010000 vectors
📂 Loading queries from /data/cpanourg/2-hdvc/data/deep1b/dataset/fvecs/query_10k.fvecs
Loaded queries: 1000 vectors
Training on 1000000 samples, testing on 1000000 samples, queries: 1000, dim=96
Training PQ with 16x4 => 64 bits/vector (GPU)
✅ PQ trained in 132.993s
✅ PQ model saved to /data/cpanourg/2-hdvc/results/relerr_cpp/pq/deep/subq16_nbits4_train1000000_20260208_225825/pq_model.index
Encoding database...
✅ Encoding done in 1.19788s | Codes shape: 1000000 x 8
Computing distance tables...
✅ Distance tables computed in 0.0904539s
Computing ADC distances...
✅ ADC distances computed in 0.970625s
Computing exact distances...
✅ Exact distances computed in 1.34875s
Mean rel. error: 0.219779, std: 0.0755405
✅ Results saved to "/data/cpanourg/2-hdvc/results/relerr_cpp/pq/deep/subq16_nbits4_train1000000_20260208_225829"
📂 Loading database from /data/cpanourg/2-hdvc/data/bigann/SIFT1M/bigann_base.bvecs
Loaded database: 1000000 vectors
📂 Loading training data from /data/cpanourg/2-hdvc/data/bigann/SIFT1M/bigann_learn.bvecs
Loaded training data: 1010000 vectors
📂 Loading queries from /data/cpanourg/2-hdvc/data/bigann/SIFT1M/bigann_query.bvecs
Loaded queries: 1000 vectors
Training on 1000000 samples, testing on 1000000 samples, queries: 1000, dim=128
Training PQ with 16x4 => 64 bits/vector (GPU)
✅ PQ trained in 99.9411s
✅ PQ model saved to /data/cpanourg/2-hdvc/results/relerr_cpp/pq/bigann/subq16_nbits4_train1000000_20260208_235917/pq_model.index
Encoding database...
✅ Encoding done in 1.72677s | Codes shape: 1000000 x 8
Computing distance tables...
✅ Distance tables computed in 0.0203045s
Computing ADC distances...
✅ ADC distances computed in 0.849705s
Computing exact distances...
✅ Exact distances computed in 1.47427s
Mean rel. error: 0.131728, std: 0.0735002
✅ Results saved to "/data/cpanourg/2-hdvc/results/relerr_cpp/pq/bigann/subq16_nbits4_train1000000_20260208_235921"
