📂 Loading database from /data/cpanourg/2-hdvc/data/deep1b/dataset/fvecs/test_1m.fvecs
Loaded database: 1000000 vectors
📂 Loading training data from /data/cpanourg/2-hdvc/data/deep1b/dataset/fvecs/learn_100m.fvecs
Loaded training data: 1010000 vectors
📂 Loading queries from /data/cpanourg/2-hdvc/data/deep1b/dataset/fvecs/query_10k.fvecs
Loaded queries: 1000 vectors
Training on 1000000 samples, testing on 1000000 samples, queries: 1000, dim=96
Training PQ with 32x6 => 192 bits/vector (GPU)
✅ PQ trained in 559.193s
✅ PQ model saved to /data/cpanourg/2-hdvc/results/relerr_cpp/pq/deep/subq32_nbits6_train1000000_20260208_230842/pq_model.index
Encoding database...
✅ Encoding done in 7.97109s | Codes shape: 1000000 x 24
Computing distance tables...
✅ Distance tables computed in 0.0879632s
Computing ADC distances...
✅ ADC distances computed in 5.96339s
Computing exact distances...
✅ Exact distances computed in 3.62651s
Mean rel. error: 0.0544452, std: 0.0372834
✅ Results saved to "/data/cpanourg/2-hdvc/results/relerr_cpp/pq/deep/subq32_nbits6_train1000000_20260208_230901"
