📂 Loading database from /data/cpanourg/2-hdvc/data/deep1b/dataset/fvecs/test_1m.fvecs
Loaded database: 1000000 vectors
📂 Loading training data from /data/cpanourg/2-hdvc/data/deep1b/dataset/fvecs/learn_100m.fvecs
Loaded training data: 1010000 vectors
📂 Loading queries from /data/cpanourg/2-hdvc/data/deep1b/dataset/fvecs/query_10k.fvecs
Loaded queries: 1000 vectors
Training on 1000000 samples, testing on 1000000 samples, queries: 1000, dim=96
Training PQ with 3x8 => 24 bits/vector (GPU)
✅ PQ trained in 89.006s
✅ PQ model saved to /data/cpanourg/2-hdvc/results/relerr_cpp/pq/deep/subq3_nbits8_train1000000_20260208_230141/pq_model.index
Encoding database...
✅ Encoding done in 17.9225s | Codes shape: 1000000 x 3
Computing distance tables...
✅ Distance tables computed in 2.30964s
Computing ADC distances...
✅ ADC distances computed in 0.226062s
Computing exact distances...
✅ Exact distances computed in 7.09702s
Mean rel. error: 0.253622, std: 0.0884626
✅ Results saved to "/data/cpanourg/2-hdvc/results/relerr_cpp/pq/deep/subq3_nbits8_train1000000_20260208_230210"
📂 Loading database from /data/cpanourg/2-hdvc/data/gist/gist_base.fvecs
Loaded database: 1000000 vectors
📂 Loading training data from /data/cpanourg/2-hdvc/data/gist/gist_learn.fvecs
Loaded training data: 500000 vectors
📂 Loading queries from /data/cpanourg/2-hdvc/data/gist/gist_query.fvecs
Loaded queries: 1000 vectors
Training on 500000 samples, testing on 1000000 samples, queries: 1000, dim=960
Training PQ with 3x8 => 24 bits/vector (GPU)
📂 Loading database from /data/cpanourg/2-hdvc/data/gist/gist_base.fvecs
📂 Loading database from /data/cpanourg/2-hdvc/data/gist/gist_base.fvecs
Loaded database: 1000000 vectors
📂 Loading training data from /data/cpanourg/2-hdvc/data/gist/gist_learn.fvecs
Loaded training data: 500000 vectors
📂 Loading queries from /data/cpanourg/2-hdvc/data/gist/gist_query.fvecs
Loaded queries: 1000 vectors
Training on 500000 samples, testing on 1000000 samples, queries: 1000, dim=960
Training PQ with 3x8 => 24 bits/vector (GPU)
✅ PQ trained in 160.419s
✅ PQ model saved to /data/cpanourg/2-hdvc/results/relerr_cpp/pq/gist/subq3_nbits8_train500000_20260209_100813/pq_model.index
Encoding database...
✅ Encoding done in 63.3633s | Codes shape: 1000000 x 3
Computing distance tables...
✅ Distance tables computed in 1.64368s
Computing ADC distances...
✅ ADC distances computed in 0.29897s
Computing exact distances...
✅ Exact distances computed in 50.5914s
Mean rel. error: 0.276762, std: 0.132255
✅ Results saved to "/data/cpanourg/2-hdvc/results/relerr_cpp/pq/gist/subq3_nbits8_train500000_20260209_101011"
