📂 Loading database from /data/cpanourg/2-hdvc/data/deep1b/dataset/fvecs/test_1m.fvecs
Loaded database: 1000000 vectors
📂 Loading training data from /data/cpanourg/2-hdvc/data/deep1b/dataset/fvecs/learn_100m.fvecs
Loaded training data: 1010000 vectors
📂 Loading queries from /data/cpanourg/2-hdvc/data/deep1b/dataset/fvecs/query_10k.fvecs
Loaded queries: 1000 vectors
Training on 1000000 samples, testing on 1000000 samples, queries: 1000, dim=96
Training PQ with 16x8 => 128 bits/vector (GPU)
✅ PQ trained in 346.934s
✅ PQ model saved to /data/cpanourg/2-hdvc/results/relerr_cpp/pq/deep/subq16_nbits8_train1000000_20260208_230558/pq_model.index
Encoding database...
✅ Encoding done in 22.4915s | Codes shape: 1000000 x 16
Computing distance tables...
✅ Distance tables computed in 0.171233s
Computing ADC distances...
✅ ADC distances computed in 0.904682s
Computing exact distances...
✅ Exact distances computed in 4.30187s
Mean rel. error: 0.0972129, std: 0.0545709
✅ Results saved to "/data/cpanourg/2-hdvc/results/relerr_cpp/pq/deep/subq16_nbits8_train1000000_20260208_230627"
