📂 Loading database from /data/cpanourg/2-hdvc/data/deep1b/dataset/fvecs/test_1m.fvecs
Loaded database: 1000000 vectors
📂 Loading training data from /data/cpanourg/2-hdvc/data/deep1b/dataset/fvecs/learn_100m.fvecs
Loaded training data: 1010000 vectors
📂 Loading queries from /data/cpanourg/2-hdvc/data/deep1b/dataset/fvecs/query_10k.fvecs
Loaded queries: 1000 vectors
Training on 1000000 samples, testing on 1000000 samples, queries: 1000, dim=96
Training PQ with 16x10 => 160 bits/vector (GPU)
✅ PQ trained in 350.022s
✅ PQ model saved to /data/cpanourg/2-hdvc/results/relerr_cpp/pq/deep/subq16_nbits10_train1000000_20260208_230710/pq_model.index
Encoding database...
✅ Encoding done in 54.3689s | Codes shape: 1000000 x 20
Computing distance tables...
✅ Distance tables computed in 0.297768s
Computing ADC distances...
✅ ADC distances computed in 3.802s
Computing exact distances...
✅ Exact distances computed in 3.13107s
Mean rel. error: 0.0667115, std: 0.0432467
✅ Results saved to "/data/cpanourg/2-hdvc/results/relerr_cpp/pq/deep/subq16_nbits10_train1000000_20260208_230812"
📂 Loading database from /data/cpanourg/2-hdvc/data/bigann/SIFT1M/bigann_base.bvecs
Loaded database: 1000000 vectors
📂 Loading training data from /data/cpanourg/2-hdvc/data/bigann/SIFT1M/bigann_learn.bvecs
Loaded training data: 1010000 vectors
📂 Loading queries from /data/cpanourg/2-hdvc/data/bigann/SIFT1M/bigann_query.bvecs
Loaded queries: 1000 vectors
Training on 1000000 samples, testing on 1000000 samples, queries: 1000, dim=128
Training PQ with 16x10 => 160 bits/vector (GPU)
✅ PQ trained in 239.677s
✅ PQ model saved to /data/cpanourg/2-hdvc/results/relerr_cpp/pq/bigann/subq16_nbits10_train1000000_20260209_001747/pq_model.index
Encoding database...
✅ Encoding done in 65.2963s | Codes shape: 1000000 x 20
Computing distance tables...
✅ Distance tables computed in 0.162393s
Computing ADC distances...
✅ ADC distances computed in 2.70597s
Computing exact distances...
✅ Exact distances computed in 4.10464s
Mean rel. error: 0.0361142, std: 0.0273076
✅ Results saved to "/data/cpanourg/2-hdvc/results/relerr_cpp/pq/bigann/subq16_nbits10_train1000000_20260209_001900"
